01:18:06 **** Incremental Build of configuration Debug for project 002_HelloWorld_semihosting ****
make -j9 all 
arm-none-eabi-gcc -mcpu=cortex-m4 -g3 -DDEBUG -c -x assembler-with-cpp -MMD -MP -MF"Startup/startup_stm32f446retx.d" -MT"Startup/startup_stm32f446retx.o" --specs=nano.specs -mfloat-abi=soft -mthumb -o "Startup/startup_stm32f446retx.o" "../Startup/startup_stm32f446retx.s"
arm-none-eabi-gcc "../Src/main.c" -mcpu=cortex-m4 -std=gnu11 -g3 -DDEBUG -DSTM32 -DSTM32F4 -DSTM32F446RETx -DNUCLEO_F446RE -c -I../Inc -O0 -ffunction-sections -fdata-sections -Wall -fstack-usage -MMD -MP -MF"Src/main.d" -MT"Src/main.o" --specs=nano.specs -mfloat-abi=soft -mthumb -o "Src/main.o"
arm-none-eabi-gcc "../Src/syscalls.c" -mcpu=cortex-m4 -std=gnu11 -g3 -DDEBUG -DSTM32 -DSTM32F4 -DSTM32F446RETx -DNUCLEO_F446RE -c -I../Inc -O0 -ffunction-sections -fdata-sections -Wall -fstack-usage -MMD -MP -MF"Src/syscalls.d" -MT"Src/syscalls.o" --specs=nano.specs -mfloat-abi=soft -mthumb -o "Src/syscalls.o"
arm-none-eabi-gcc "../Src/sysmem.c" -mcpu=cortex-m4 -std=gnu11 -g3 -DDEBUG -DSTM32 -DSTM32F4 -DSTM32F446RETx -DNUCLEO_F446RE -c -I../Inc -O0 -ffunction-sections -fdata-sections -Wall -fstack-usage -MMD -MP -MF"Src/sysmem.d" -MT"Src/sysmem.o" --specs=nano.specs -mfloat-abi=soft -mthumb -o "Src/sysmem.o"
arm-none-eabi-gcc -o "002_HelloWorld_semihosting.elf" @"objects.list"   -mcpu=cortex-m4 -T"/Users/renatosoriano/FastBit_Embedded_Courses_Udemy/Course2/My_workspace/target/002_HelloWorld_semihosting/STM32F446RETX_FLASH.ld" --specs=nosys.specs -Wl,-Map="002_HelloWorld_semihosting.map" -Wl,--gc-sections -static --specs=nano.specs -mfloat-abi=soft -mthumb -Wl,--start-group -lc -lm -Wl,--end-group
Finished building target: 002_HelloWorld_semihosting.elf
 
arm-none-eabi-size   002_HelloWorld_semihosting.elf 
arm-none-eabi-objdump -h -S  002_HelloWorld_semihosting.elf  > "002_HelloWorld_semihosting.list"
   text	   data	    bss	    dec	    hex	filename
   3732	    108	   1588	   5428	   1534	002_HelloWorld_semihosting.elf
Finished building: default.size.stdout
 
Finished building: 002_HelloWorld_semihosting.list
 

01:18:07 Build Finished. 0 errors, 0 warnings. (took 449ms)

