../Src/main.c:62:5:main	8	static
../Src/main.c:83:6:idle_task	4	static
../Src/main.c:89:6:task1_handler	8	static
../Src/main.c:101:6:task2_handler	8	static
../Src/main.c:113:6:task3_handler	8	static
../Src/main.c:125:6:task4_handler	8	static
../Src/main.c:140:6:init_systick_timer	32	static
../Src/main.c:164:29:init_scheduler_stack	0	static,ignoring_inline_asm
../Src/main.c:175:6:init_tasks_stack	24	static
../Src/main.c:226:6:enable_processor_faults	16	static
../Src/main.c:236:10:get_psp_value	4	static
../Src/main.c:243:6:save_psp_value	16	static
../Src/main.c:249:6:update_next_task	16	static
../Src/main.c:269:29:switch_sp_to_psp	0	static,ignoring_inline_asm
../Src/main.c:286:6:schedule	16	static
../Src/main.c:297:6:task_delay	16	static,ignoring_inline_asm
../Src/main.c:314:29:PendSV_Handler	0	static,ignoring_inline_asm
../Src/main.c:354:6:update_global_tick_count	4	static
../Src/main.c:359:6:unblock_tasks	16	static
../Src/main.c:376:7:SysTick_Handler	16	static
../Src/main.c:390:6:HardFault_Handler	8	static
../Src/main.c:397:6:MemManage_Handler	8	static
../Src/main.c:403:6:BusFault_Handler	8	static
